/Users/alexbackues/Documents/RISCV-CPU/Machine_Learning/Full_MLP/slpp_all/lib/work/src/MLP.sv /Users/alexbackues/Documents/RISCV-CPU/Machine_Learning/Full_MLP/src/MLP.sv
/Users/alexbackues/Documents/RISCV-CPU/Machine_Learning/Full_MLP/slpp_all/lib/work/src/MLPSynthesis.sv /Users/alexbackues/Documents/RISCV-CPU/Machine_Learning/Full_MLP/src/MLPSynthesis.sv
/Users/alexbackues/Documents/RISCV-CPU/Machine_Learning/Full_MLP/slpp_all/lib/work/src/Perceptron.h.sv /Users/alexbackues/Documents/RISCV-CPU/Machine_Learning/Full_MLP/src/Perceptron.h.sv
/Users/alexbackues/Documents/RISCV-CPU/Machine_Learning/Full_MLP/slpp_all/lib/work/src/Perceptron.sv /Users/alexbackues/Documents/RISCV-CPU/Machine_Learning/Full_MLP/src/Perceptron.sv
/Users/alexbackues/Documents/RISCV-CPU/Machine_Learning/Full_MLP/slpp_all/lib/work/src/PerceptronSynthesis.sv /Users/alexbackues/Documents/RISCV-CPU/Machine_Learning/Full_MLP/src/PerceptronSynthesis.sv
/Users/alexbackues/Documents/RISCV-CPU/Machine_Learning/Full_MLP/slpp_all/lib/work/src/Predict.sv /Users/alexbackues/Documents/RISCV-CPU/Machine_Learning/Full_MLP/src/Predict.sv
